4.911: [GC [PSYoungGen: 660688K->72899K(1835008K)] 660688K->72899K(6029312K), 0.0759610 secs] [Times: user=0.18 sys=0.02, real=0.08 secs] 
4.987: [Full GC (System) [PSYoungGen: 72899K->0K(1835008K)] [PSOldGen: 0K->72243K(4194304K)] 72899K->72243K(6029312K) [PSPermGen: 29282K->29282K(59136K)], 0.2440780 secs] [Times: user=0.24 sys=0.01, real=0.24 secs] 
11.645: [GC [PSYoungGen: 1572864K->262134K(1835008K)] 1645107K->347275K(6029312K), 0.1713700 secs] [Times: user=0.64 sys=0.30, real=0.17 secs] 
3605.261: [Full GC (System) [PSYoungGen: 128278K->0K(1856576K)] [PSOldGen: 2343450K->1122860K(4194304K)] 2471728K->1122860K(6050880K) [PSPermGen: 256350K->256350K(524288K)], 2.6621130 secs] [Times: user=2.66 sys=0.00, real=2.66 secs] 
4631.564: [GC [PSYoungGen: 1438615K->292432K(1688448K)] 5446401K->4367869K(5882752K), 0.2053820 secs] [Times: user=0.06 sys=1.49, real=0.21 secs] 
4631.769: [Full GC [PSYoungGen: 292432K->0K(1688448K)] [PSOldGen: 4075437K->1460875K(4194304K)] 4367869K->1460875K(5882752K) [PSPermGen: 257876K->257876K(524288K)], 2.5603350 secs] [Times: user=2.41 sys=0.01, real=2.56 secs] 
203963.710: [GC [PSYoungGen: 868933K->362313K(1398144K)] 4333802K->4037180K(5592448K), 0.0621440 secs] [Times: user=0.47 sys=0.00, real=0.06 secs] 
203963.772: [Full GC [PSYoungGen: 362313K->0K(1398144K)] [PSOldGen: 3674867K->1941180K(4194304K)] 4037180K->1941180K(5592448K) [PSPermGen: 301435K->301388K(301632K)], 2.8388770 secs] [Times: user=2.83 sys=0.00, real=2.84 secs] 
Heap
 PSYoungGen      total 1925248K, used 279661K [0x0000000780000000, 0x0000000800000000, 0x0000000800000000)
  eden space 1764608K, 11% used [0x0000000780000000,0x000000078cb21438,0x00000007ebb40000)
  from space 160640K, 44% used [0x00000007f6320000,0x00000007fa91a0c0,0x0000000800000000)
  to   space 166272K, 0% used [0x00000007ebb40000,0x00000007ebb40000,0x00000007f5da0000)
 PSOldGen        total 4194304K, used 996106K [0x0000000680000000, 0x0000000780000000, 0x0000000780000000)
  object space 4194304K, 23% used [0x0000000680000000,0x00000006bccc2ab8,0x0000000780000000)
 PSPermGen       total 258048K, used 257861K [0x0000000660000000, 0x000000066fc00000, 0x0000000680000000)
  object space 258048K, 99% used [0x0000000660000000,0x000000066fbd16f0,0x000000066fc00000)