2015-04-29T17:11:11.481-0400: 14.117: [GC [1 CMS-initial-mark: 0K(1841152K)] 358156K(2531584K), 0.1930880 secs] [Times: user=0.18 sys=0.00, real=0.19 secs]
2015-04-29T17:11:11.675-0400: 14.310: [CMS-concurrent-mark-start]
2015-04-29T17:11:11.747-0400: 14.383: [CMS-concurrent-mark: 0.049/0.072 secs] [Times: user=0.07 sys=0.00, real=0.07 secs]
2015-04-29T17:11:11.747-0400: 14.383: [CMS-concurrent-preclean-start]
2015-04-29T17:11:11.770-0400: 14.406: [CMS-concurrent-preclean: 0.019/0.023 secs] [Times: user=0.03 sys=0.00, real=0.02 secs]
2015-04-29T17:11:11.770-0400: 14.406: [CMS-concurrent-abortable-preclean-start]
2015-04-29T17:11:17.887-0400: 20.523: [GC 20.523: [DefNew: 598467K->84785K(690432K), 0.2655660 secs] 598467K->121697K(2531584K) icms_dc=9 , 0.2656280 secs] [Times: user=0.23 sys=0.02, real=0.26 secs]
 CMS: abort preclean due to time 2015-04-29T17:11:20.919-0400: 23.554: [CMS-concurrent-abortable-preclean: 0.616/9.149 secs] [Times: user=8.41 sys=0.24, real=9.15 secs]
2015-04-29T17:11:20.920-0400: 23.555: [GC[YG occupancy: 296321 K (690432 K)]23.555: [Rescan (non-parallel) 23.555: [grey object rescan, 0.0024100 secs]23.558: [root rescan, 0.1642160 secs], 0.1666760 secs]23.722: [weak refs processing, 0.0000070 secs]23.722: [scrub string table, 0.0012270 secs] [1 CMS-remark: 36911K(1841152K)] 333233K(2531584K), 0.1679630 secs] [Times: user=0.17 sys=0.00, real=0.17 secs]
2015-04-29T17:11:21.088-0400: 23.724: [CMS-concurrent-sweep-start]
2015-04-29T17:11:21.098-0400: 23.733: [CMS-concurrent-sweep: 0.010/0.010 secs] [Times: user=0.01 sys=0.00, real=0.01 secs]
2015-04-29T17:11:21.098-0400: 23.733: [CMS-concurrent-reset-start]
2015-04-29T17:11:21.102-0400: 23.737: [CMS-concurrent-reset: 0.004/0.004 secs] [Times: user=0.00 sys=0.00, real=0.00 secs]
2015-04-29T17:11:24.796-0400: 27.432: [GC 27.432: [DefNew: 545073K->112519K(690432K), 0.2124430 secs] 581985K->149431K(2531584K) icms_dc=4 , 0.2125140 secs] [Times: user=0.20 sys=0.00, real=0.22 secs]
