5.585: [GC [PSYoungGen: 660620K->72778K(1835008K)] 660620K->72778K(6029312K), 0.0751010 secs] [Times: user=0.19 sys=0.02, real=0.08 secs] 
221849.230: [GC [PSYoungGen: 1889024K->131648K(1926336K)] 2721904K->964528K(6120640K), 0.4122600 secs] [Times: user=0.59 sys=0.00, real=0.41 secs]
Heap
 PSYoungGen      total 1926336K, used 1370287K [0x0000000780000000, 0x0000000800000000, 0x0000000800000000)
  eden space 1756096K, 70% used [0x0000000780000000,0x00000007cb99bc00,0x00000007eb2f0000)
  from space 170240K, 77% used [0x00000007eb2f0000,0x00000007f3380020,0x00000007f5930000)
  to   space 168960K, 0% used [0x00000007f5b00000,0x00000007f5b00000,0x0000000800000000)
 PSOldGen        total 4194304K, used 832880K [0x0000000680000000, 0x0000000780000000, 0x0000000780000000)
  object space 4194304K, 19% used [0x0000000680000000,0x00000006b2d5c3a8,0x0000000780000000)
 PSPermGen       total 265536K, used 265525K [0x0000000660000000, 0x0000000670350000, 0x0000000680000000)
  object space 265536K, 99% used [0x0000000660000000,0x000000067034d518,0x0000000670350000)
